  Determining projects to restore...
  All projects are up-to-date for restore.
  AttendanceSystem.Domain -> C:\Users\HP\AttendanceSystem\src\AttendanceSystem.Domain\bin\Debug\net10.0\AttendanceSystem.Domain.dll
  AttendanceSystem.Application -> C:\Users\HP\AttendanceSystem\src\AttendanceSystem.Application\bin\Debug\net10.0\AttendanceSystem.Application.dll
C:\Users\HP\AttendanceSystem\src\AttendanceSystem.Blazor\Models\ApiModels.cs(234,19): warning CS8618: Non-nullable property 'Location' must contain a non-null value when exiting constructor. Consider adding the 'required' modifier or declaring the property as nullable. [C:\Users\HP\AttendanceSystem\src\AttendanceSystem.Blazor\AttendanceSystem.Blazor.csproj]
C:\Users\HP\AttendanceSystem\src\AttendanceSystem.Blazor\Models\ApiModels.cs(224,32): warning CS8618: Non-nullable property 'GpsHistory' must contain a non-null value when exiting constructor. Consider adding the 'required' modifier or declaring the property as nullable. [C:\Users\HP\AttendanceSystem\src\AttendanceSystem.Blazor\AttendanceSystem.Blazor.csproj]
C:\Users\HP\AttendanceSystem\src\AttendanceSystem.Blazor\Models\ApiModels.cs(213,19): warning CS8618: Non-nullable property 'LeaveType' must contain a non-null value when exiting constructor. Consider adding the 'required' modifier or declaring the property as nullable. [C:\Users\HP\AttendanceSystem\src\AttendanceSystem.Blazor\AttendanceSystem.Blazor.csproj]
C:\Users\HP\AttendanceSystem\src\AttendanceSystem.Blazor\Models\ApiModels.cs(214,19): warning CS8618: Non-nullable property 'Status' must contain a non-null value when exiting constructor. Consider adding the 'required' modifier or declaring the property as nullable. [C:\Users\HP\AttendanceSystem\src\AttendanceSystem.Blazor\AttendanceSystem.Blazor.csproj]
C:\Users\HP\AttendanceSystem\src\AttendanceSystem.Blazor\Models\ApiModels.cs(205,34): warning CS8618: Non-nullable property 'LeaveHistory' must contain a non-null value when exiting constructor. Consider adding the 'required' modifier or declaring the property as nullable. [C:\Users\HP\AttendanceSystem\src\AttendanceSystem.Blazor\AttendanceSystem.Blazor.csproj]
C:\Users\HP\AttendanceSystem\src\AttendanceSystem.Blazor\Models\ApiModels.cs(195,19): warning CS8618: Non-nullable property 'Status' must contain a non-null value when exiting constructor. Consider adding the 'required' modifier or declaring the property as nullable. [C:\Users\HP\AttendanceSystem\src\AttendanceSystem.Blazor\AttendanceSystem.Blazor.csproj]
C:\Users\HP\AttendanceSystem\src\AttendanceSystem.Blazor\Models\ApiModels.cs(196,19): warning CS8618: Non-nullable property 'VerificationMethod' must contain a non-null value when exiting constructor. Consider adding the 'required' modifier or declaring the property as nullable. [C:\Users\HP\AttendanceSystem\src\AttendanceSystem.Blazor\AttendanceSystem.Blazor.csproj]
C:\Users\HP\AttendanceSystem\src\AttendanceSystem.Blazor\Models\ApiModels.cs(180,19): warning CS8618: Non-nullable property 'Month' must contain a non-null value when exiting constructor. Consider adding the 'required' modifier or declaring the property as nullable. [C:\Users\HP\AttendanceSystem\src\AttendanceSystem.Blazor\AttendanceSystem.Blazor.csproj]
C:\Users\HP\AttendanceSystem\src\AttendanceSystem.Blazor\Models\ApiModels.cs(175,44): warning CS8618: Non-nullable property 'MonthlyChartData' must contain a non-null value when exiting constructor. Consider adding the 'required' modifier or declaring the property as nullable. [C:\Users\HP\AttendanceSystem\src\AttendanceSystem.Blazor\AttendanceSystem.Blazor.csproj]
C:\Users\HP\AttendanceSystem\src\AttendanceSystem.Blazor\Models\ApiModels.cs(142,23): warning CS8618: Non-nullable property 'Summary' must contain a non-null value when exiting constructor. Consider adding the 'required' modifier or declaring the property as nullable. [C:\Users\HP\AttendanceSystem\src\AttendanceSystem.Blazor\AttendanceSystem.Blazor.csproj]
C:\Users\HP\AttendanceSystem\src\AttendanceSystem.Blazor\Models\ApiModels.cs(143,35): warning CS8618: Non-nullable property 'AttendanceAnalytics' must contain a non-null value when exiting constructor. Consider adding the 'required' modifier or declaring the property as nullable. [C:\Users\HP\AttendanceSystem\src\AttendanceSystem.Blazor\AttendanceSystem.Blazor.csproj]
C:\Users\HP\AttendanceSystem\src\AttendanceSystem.Blazor\Models\ApiModels.cs(144,39): warning CS8618: Non-nullable property 'AttendanceHistory' must contain a non-null value when exiting constructor. Consider adding the 'required' modifier or declaring the property as nullable. [C:\Users\HP\AttendanceSystem\src\AttendanceSystem.Blazor\AttendanceSystem.Blazor.csproj]
C:\Users\HP\AttendanceSystem\src\AttendanceSystem.Blazor\Models\ApiModels.cs(145,31): warning CS8618: Non-nullable property 'LeaveStatistics' must contain a non-null value when exiting constructor. Consider adding the 'required' modifier or declaring the property as nullable. [C:\Users\HP\AttendanceSystem\src\AttendanceSystem.Blazor\AttendanceSystem.Blazor.csproj]
C:\Users\HP\AttendanceSystem\src\AttendanceSystem.Blazor\Models\ApiModels.cs(146,29): warning CS8618: Non-nullable property 'GpsStatistics' must contain a non-null value when exiting constructor. Consider adding the 'required' modifier or declaring the property as nullable. [C:\Users\HP\AttendanceSystem\src\AttendanceSystem.Blazor\AttendanceSystem.Blazor.csproj]
C:\Users\HP\AttendanceSystem\src\AttendanceSystem.Blazor\Components\Pages\Employee\AiChat.razor(202,6): error CS0103: The name 'keyframes' does not exist in the current context [C:\Users\HP\AttendanceSystem\src\AttendanceSystem.Blazor\AttendanceSystem.Blazor.csproj]
C:\Users\HP\AttendanceSystem\src\AttendanceSystem.Blazor\Components\Pages\Admin\AiChat.razor(202,6): error CS0103: The name 'keyframes' does not exist in the current context [C:\Users\HP\AttendanceSystem\src\AttendanceSystem.Blazor\AttendanceSystem.Blazor.csproj]
C:\Users\HP\AttendanceSystem\src\AttendanceSystem.Blazor\Components\Pages\Admin\Leave.razor(55,18): warning CS0414: The field 'Leave.isProcessing' is assigned but its value is never used [C:\Users\HP\AttendanceSystem\src\AttendanceSystem.Blazor\AttendanceSystem.Blazor.csproj]

Build FAILED.

C:\Users\HP\AttendanceSystem\src\AttendanceSystem.Blazor\Models\ApiModels.cs(234,19): warning CS8618: Non-nullable property 'Location' must contain a non-null value when exiting constructor. Consider adding the 'required' modifier or declaring the property as nullable. [C:\Users\HP\AttendanceSystem\src\AttendanceSystem.Blazor\AttendanceSystem.Blazor.csproj]
C:\Users\HP\AttendanceSystem\src\AttendanceSystem.Blazor\Models\ApiModels.cs(224,32): warning CS8618: Non-nullable property 'GpsHistory' must contain a non-null value when exiting constructor. Consider adding the 'required' modifier or declaring the property as nullable. [C:\Users\HP\AttendanceSystem\src\AttendanceSystem.Blazor\AttendanceSystem.Blazor.csproj]
C:\Users\HP\AttendanceSystem\src\AttendanceSystem.Blazor\Models\ApiModels.cs(213,19): warning CS8618: Non-nullable property 'LeaveType' must contain a non-null value when exiting constructor. Consider adding the 'required' modifier or declaring the property as nullable. [C:\Users\HP\AttendanceSystem\src\AttendanceSystem.Blazor\AttendanceSystem.Blazor.csproj]
C:\Users\HP\AttendanceSystem\src\AttendanceSystem.Blazor\Models\ApiModels.cs(214,19): warning CS8618: Non-nullable property 'Status' must contain a non-null value when exiting constructor. Consider adding the 'required' modifier or declaring the property as nullable. [C:\Users\HP\AttendanceSystem\src\AttendanceSystem.Blazor\AttendanceSystem.Blazor.csproj]
C:\Users\HP\AttendanceSystem\src\AttendanceSystem.Blazor\Models\ApiModels.cs(205,34): warning CS8618: Non-nullable property 'LeaveHistory' must contain a non-null value when exiting constructor. Consider adding the 'required' modifier or declaring the property as nullable. [C:\Users\HP\AttendanceSystem\src\AttendanceSystem.Blazor\AttendanceSystem.Blazor.csproj]
C:\Users\HP\AttendanceSystem\src\AttendanceSystem.Blazor\Models\ApiModels.cs(195,19): warning CS8618: Non-nullable property 'Status' must contain a non-null value when exiting constructor. Consider adding the 'required' modifier or declaring the property as nullable. [C:\Users\HP\AttendanceSystem\src\AttendanceSystem.Blazor\AttendanceSystem.Blazor.csproj]
C:\Users\HP\AttendanceSystem\src\AttendanceSystem.Blazor\Models\ApiModels.cs(196,19): warning CS8618: Non-nullable property 'VerificationMethod' must contain a non-null value when exiting constructor. Consider adding the 'required' modifier or declaring the property as nullable. [C:\Users\HP\AttendanceSystem\src\AttendanceSystem.Blazor\AttendanceSystem.Blazor.csproj]
C:\Users\HP\AttendanceSystem\src\AttendanceSystem.Blazor\Models\ApiModels.cs(180,19): warning CS8618: Non-nullable property 'Month' must contain a non-null value when exiting constructor. Consider adding the 'required' modifier or declaring the property as nullable. [C:\Users\HP\AttendanceSystem\src\AttendanceSystem.Blazor\AttendanceSystem.Blazor.csproj]
C:\Users\HP\AttendanceSystem\src\AttendanceSystem.Blazor\Models\ApiModels.cs(175,44): warning CS8618: Non-nullable property 'MonthlyChartData' must contain a non-null value when exiting constructor. Consider adding the 'required' modifier or declaring the property as nullable. [C:\Users\HP\AttendanceSystem\src\AttendanceSystem.Blazor\AttendanceSystem.Blazor.csproj]
C:\Users\HP\AttendanceSystem\src\AttendanceSystem.Blazor\Models\ApiModels.cs(142,23): warning CS8618: Non-nullable property 'Summary' must contain a non-null value when exiting constructor. Consider adding the 'required' modifier or declaring the property as nullable. [C:\Users\HP\AttendanceSystem\src\AttendanceSystem.Blazor\AttendanceSystem.Blazor.csproj]
C:\Users\HP\AttendanceSystem\src\AttendanceSystem.Blazor\Models\ApiModels.cs(143,35): warning CS8618: Non-nullable property 'AttendanceAnalytics' must contain a non-null value when exiting constructor. Consider adding the 'required' modifier or declaring the property as nullable. [C:\Users\HP\AttendanceSystem\src\AttendanceSystem.Blazor\AttendanceSystem.Blazor.csproj]
C:\Users\HP\AttendanceSystem\src\AttendanceSystem.Blazor\Models\ApiModels.cs(144,39): warning CS8618: Non-nullable property 'AttendanceHistory' must contain a non-null value when exiting constructor. Consider adding the 'required' modifier or declaring the property as nullable. [C:\Users\HP\AttendanceSystem\src\AttendanceSystem.Blazor\AttendanceSystem.Blazor.csproj]
C:\Users\HP\AttendanceSystem\src\AttendanceSystem.Blazor\Models\ApiModels.cs(145,31): warning CS8618: Non-nullable property 'LeaveStatistics' must contain a non-null value when exiting constructor. Consider adding the 'required' modifier or declaring the property as nullable. [C:\Users\HP\AttendanceSystem\src\AttendanceSystem.Blazor\AttendanceSystem.Blazor.csproj]
C:\Users\HP\AttendanceSystem\src\AttendanceSystem.Blazor\Models\ApiModels.cs(146,29): warning CS8618: Non-nullable property 'GpsStatistics' must contain a non-null value when exiting constructor. Consider adding the 'required' modifier or declaring the property as nullable. [C:\Users\HP\AttendanceSystem\src\AttendanceSystem.Blazor\AttendanceSystem.Blazor.csproj]
C:\Users\HP\AttendanceSystem\src\AttendanceSystem.Blazor\Components\Pages\Admin\Leave.razor(55,18): warning CS0414: The field 'Leave.isProcessing' is assigned but its value is never used [C:\Users\HP\AttendanceSystem\src\AttendanceSystem.Blazor\AttendanceSystem.Blazor.csproj]
C:\Users\HP\AttendanceSystem\src\AttendanceSystem.Blazor\Components\Pages\Employee\AiChat.razor(202,6): error CS0103: The name 'keyframes' does not exist in the current context [C:\Users\HP\AttendanceSystem\src\AttendanceSystem.Blazor\AttendanceSystem.Blazor.csproj]
C:\Users\HP\AttendanceSystem\src\AttendanceSystem.Blazor\Components\Pages\Admin\AiChat.razor(202,6): error CS0103: The name 'keyframes' does not exist in the current context [C:\Users\HP\AttendanceSystem\src\AttendanceSystem.Blazor\AttendanceSystem.Blazor.csproj]
    15 Warning(s)
    2 Error(s)

Time Elapsed 00:00:07.28
